// Jest Snapshot v1, https://goo.gl/fbAQLP

exports[`renders correctly 1`] = `
<div
  className="screen"
>
  <canvas
    id="canvas"
    onClick={[Function]}
  />
  <Message />
  <Controls
    onChange={[Function]}
    onClickNext={[Function]}
    onClickPrevious={[Function]}
    show={false}
  />
</div>
`;
